================================================================================
ALFRED ROUTER TEST SUITE
================================================================================

python : Traceback (most recent call last):
At line:1 char:1
+ python test_alfred_router.py > test_output.txt 2>&1
+ ~~~~~~~~~~~~~~~~~~~~~~~~~~~~~~~~~~~~~~~~~~~~~~~~~~~
    + CategoryInfo          : NotSpecified: (Traceback (most recent ca 
   ll last)::String) [], RemoteException
    + FullyQualifiedErrorId : NativeCommandError
 
  File "C:\Users\udayr\Documents\Projects\Home 
Ai\test_alfred_router.py", line 278, in <module>
    exit_code = asyncio.run(main())
  File "C:\Users\udayr\AppData\Local\Programs\Python\Python313\Lib\asyn
cio\runners.py", line 194, in run
    return runner.run(main)
           ~~~~~~~~~~^^^^^^
  File "C:\Users\udayr\AppData\Local\Programs\Python\Python313\Lib\asyn
cio\runners.py", line 118, in run
    return self._loop.run_until_complete(task)
           ~~~~~~~~~~~~~~~~~~~~~~~~~~~~~^^^^^^
  File "C:\Users\udayr\AppData\Local\Programs\Python\Python313\Lib\asyn
cio\base_events.py", line 720, in run_until_complete
    return future.result()
           ~~~~~~~~~~~~~^^
  File "C:\Users\udayr\Documents\Projects\Home 
Ai\test_alfred_router.py", line 179, in main
    print("\U0001f527 Initializing Alfred Router...")
    ~~~~~^^^^^^^^^^^^^^^^^^^^^^^^^^^^^^^^^^^^
  File "C:\Users\udayr\AppData\Local\Programs\Python\Python313\Lib\enco
dings\cp1252.py", line 19, in encode
    return codecs.charmap_encode(input,self.errors,encoding_table)[0]
           ~~~~~~~~~~~~~~~~~~~~~^^^^^^^^^^^^^^^^^^^^^^^^^^^^^^^^^^
UnicodeEncodeError: 'charmap' codec can't encode character 
'\U0001f527' in position 0: character maps to <undefined>
