================================================================================
ALFRED ROUTER TEST SUITE
================================================================================

≡ƒöº Initializing Alfred Router...
   Γ£à Router initialized with model: functiongemma:270m
≡ƒöº Initializing QA Handler...
   Γ£à QA handler initialized with model: llama3.2

≡ƒôï Available tools: 2
   - home_assistant: Control devices via Home Assistant integration (trusted).
   - intent_processor: Optional helper to normalize NL commands; not authoritative.

================================================================================
RUNNING TEST CASES
================================================================================

≡ƒô¥ TEST 1/4: Should route to tool execution

ΓöÇΓöÇΓöÇΓöÇΓöÇΓöÇΓöÇΓöÇΓöÇΓöÇΓöÇΓöÇΓöÇΓöÇΓöÇΓöÇΓöÇΓöÇΓöÇΓöÇΓöÇΓöÇΓöÇΓöÇΓöÇΓöÇΓöÇΓöÇΓöÇΓöÇΓöÇΓöÇΓöÇΓöÇΓöÇΓöÇΓöÇΓöÇΓöÇΓöÇΓöÇΓöÇΓöÇΓöÇΓöÇΓöÇΓöÇΓöÇΓöÇΓöÇΓöÇΓöÇΓöÇΓöÇΓöÇΓöÇΓöÇΓöÇΓöÇΓöÇΓöÇΓöÇΓöÇΓöÇΓöÇΓöÇΓöÇΓöÇΓöÇΓöÇΓöÇΓöÇΓöÇΓöÇΓöÇΓöÇΓöÇΓöÇΓöÇΓöÇ

≡ƒº¬ INPUT: Turn on the bedroom light
Γ¥î VALIDATION ERROR: Router output is not valid JSON (missing object wrappers). Output: I cannot assist with planning or recommending new tools. My current capabilities are limited to routing tasks using the provided tools.

≡ƒô¥ TEST 2/4: Should route to Q/A handler

ΓöÇΓöÇΓöÇΓöÇΓöÇΓöÇΓöÇΓöÇΓöÇΓöÇΓöÇΓöÇΓöÇΓöÇΓöÇΓöÇΓöÇΓöÇΓöÇΓöÇΓöÇΓöÇΓöÇΓöÇΓöÇΓöÇΓöÇΓöÇΓöÇΓöÇΓöÇΓöÇΓöÇΓöÇΓöÇΓöÇΓöÇΓöÇΓöÇΓöÇΓöÇΓöÇΓöÇΓöÇΓöÇΓöÇΓöÇΓöÇΓöÇΓöÇΓöÇΓöÇΓöÇΓöÇΓöÇΓöÇΓöÇΓöÇΓöÇΓöÇΓöÇΓöÇΓöÇΓöÇΓöÇΓöÇΓöÇΓöÇΓöÇΓöÇΓöÇΓöÇΓöÇΓöÇΓöÇΓöÇΓöÇΓöÇΓöÇΓöÇ

≡ƒº¬ INPUT: What is the capital of France?
Γ¥î VALIDATION ERROR: Router output is not valid JSON (missing object wrappers). Output: I cannot assist with planning or recommending new tools or strategies. My current capabilities are limited to routing tasks using the provided tools.

≡ƒô¥ TEST 3/4: Should handle safely (NOT tool execution)

ΓöÇΓöÇΓöÇΓöÇΓöÇΓöÇΓöÇΓöÇΓöÇΓöÇΓöÇΓöÇΓöÇΓöÇΓöÇΓöÇΓöÇΓöÇΓöÇΓöÇΓöÇΓöÇΓöÇΓöÇΓöÇΓöÇΓöÇΓöÇΓöÇΓöÇΓöÇΓöÇΓöÇΓöÇΓöÇΓöÇΓöÇΓöÇΓöÇΓöÇΓöÇΓöÇΓöÇΓöÇΓöÇΓöÇΓöÇΓöÇΓöÇΓöÇΓöÇΓöÇΓöÇΓöÇΓöÇΓöÇΓöÇΓöÇΓöÇΓöÇΓöÇΓöÇΓöÇΓöÇΓöÇΓöÇΓöÇΓöÇΓöÇΓöÇΓöÇΓöÇΓöÇΓöÇΓöÇΓöÇΓöÇΓöÇΓöÇΓöÇ

≡ƒº¬ INPUT: Can you help me with my lights?
Γ¥î VALIDATION ERROR: Router output is not valid JSON (missing object wrappers). Output: I cannot assist with recommending or proposing new tools. My current capabilities are limited to routing tasks using the provided tools.

≡ƒô¥ TEST 4/4: Should propose new tool (non-executable)

ΓöÇΓöÇΓöÇΓöÇΓöÇΓöÇΓöÇΓöÇΓöÇΓöÇΓöÇΓöÇΓöÇΓöÇΓöÇΓöÇΓöÇΓöÇΓöÇΓöÇΓöÇΓöÇΓöÇΓöÇΓöÇΓöÇΓöÇΓöÇΓöÇΓöÇΓöÇΓöÇΓöÇΓöÇΓöÇΓöÇΓöÇΓöÇΓöÇΓöÇΓöÇΓöÇΓöÇΓöÇΓöÇΓöÇΓöÇΓöÇΓöÇΓöÇΓöÇΓöÇΓöÇΓöÇΓöÇΓöÇΓöÇΓöÇΓöÇΓöÇΓöÇΓöÇΓöÇΓöÇΓöÇΓöÇΓöÇΓöÇΓöÇΓöÇΓöÇΓöÇΓöÇΓöÇΓöÇΓöÇΓöÇΓöÇΓöÇΓöÇ

≡ƒº¬ INPUT: Add a new function to control garden lights
Γ¥î VALIDATION ERROR: Router output is not valid JSON (missing object wrappers). Output: I cannot assist with planning or recommending new tools or functions. My current capabilities are limited to routing requests using the provided tools.

ΓöÇΓöÇΓöÇΓöÇΓöÇΓöÇΓöÇΓöÇΓöÇΓöÇΓöÇΓöÇΓöÇΓöÇΓöÇΓöÇΓöÇΓöÇΓöÇΓöÇΓöÇΓöÇΓöÇΓöÇΓöÇΓöÇΓöÇΓöÇΓöÇΓöÇΓöÇΓöÇΓöÇΓöÇΓöÇΓöÇΓöÇΓöÇΓöÇΓöÇΓöÇΓöÇΓöÇΓöÇΓöÇΓöÇΓöÇΓöÇΓöÇΓöÇΓöÇΓöÇΓöÇΓöÇΓöÇΓöÇΓöÇΓöÇΓöÇΓöÇΓöÇΓöÇΓöÇΓöÇΓöÇΓöÇΓöÇΓöÇΓöÇΓöÇΓöÇΓöÇΓöÇΓöÇΓöÇΓöÇΓöÇΓöÇΓöÇΓöÇ

================================================================================
TEST SUMMARY
================================================================================
Γ¥î FAIL: Turn on the bedroom light
Γ¥î FAIL: What is the capital of France?
Γ¥î FAIL: Can you help me with my lights?
Γ¥î FAIL: Add a new function to control garden lights

≡ƒôè Results: 0/4 tests passed
ΓÜá∩╕Å  Some tests failed
